[2026-09-15 11:32:18] [START] ──────── PitMine3D 麒麟版启动 ────────
  程序版本: 1.0.0.0   构建时间: 2026-09-15 11:30
  版本目录: C:\Users\cFore\coder\DayOps_Kylin\.artifacts\state-green\bin\Debug\net8.0\
  OS      : Microsoft Windows 10.0.26200 / X64
  运行时  : .NET 8.0.2 (X64)
  区域    : Invariant=False
  DISPLAY                               = (未设)
  WAYLAND_DISPLAY                       = (未设)
  XDG_SESSION_TYPE                      = (未设)
  LD_LIBRARY_PATH                       = (未设)
  DOTNET_SYSTEM_GLOBALIZATION_INVARIANT = (未设)
  LIBGL_ALWAYS_SOFTWARE                 = (未设)
[FONT] 视口文字使用真字形: SimSun (含中文)
[Binding]An error occurred binding 'IsVisible' to '!!LeftPinnedDockables.Count' at 'LeftPinnedDockables': 'Value is null.' (ToolPinnedControl #65264315)
[Binding]An error occurred binding 'IsVisible' to '!!RightPinnedDockables.Count' at 'RightPinnedDockables': 'Value is null.' (ToolPinnedControl #50507927)
[Binding]An error occurred binding 'IsVisible' to '!!TopPinnedDockables.Count' at 'TopPinnedDockables': 'Value is null.' (ToolPinnedControl #51918161)
[Binding]An error occurred binding 'IsVisible' to '!!BottomPinnedDockables.Count' at 'BottomPinnedDockables': 'Value is null.' (ToolPinnedControl #64610266)
[Binding]An error occurred binding 'PinnedDockAlignment' to 'PinnedDock.Alignment' at 'PinnedDock': 'Value is null.' (PinnedDockControl #19760744)
[Binding]An error occurred binding 'Proportion' to 'Proportion' at 'Proportion': 'Could not find a matching property accessor for 'Proportion' on 'Dock.Model.Mvvm.Controls.ProportionalDockSplitter'.' (ContentPresenter #11605577)
[Binding]An error occurred binding '(unknown)' to 'IsCollapsable' at 'IsCollapsable': 'Unable to cast object of type 'Dock.Model.Mvvm.Controls.ProportionalDockSplitter' to type 'Dock.Model.Core.IDock'.' (ContentPresenter #11605577)
[Binding]An error occurred binding '(unknown)' to 'IsEmpty' at 'IsEmpty': 'Unable to cast object of type 'Dock.Model.Mvvm.Controls.ProportionalDockSplitter' to type 'Dock.Model.Core.IDock'.' (ContentPresenter #11605577)
[Binding]An error occurred binding 'Proportion' to 'Proportion' at 'Proportion': 'Could not find a matching property accessor for 'Proportion' on 'Dock.Model.Mvvm.Controls.ProportionalDockSplitter'.' (ContentPresenter #8199431)
[Binding]An error occurred binding '(unknown)' to 'IsCollapsable' at 'IsCollapsable': 'Unable to cast object of type 'Dock.Model.Mvvm.Controls.ProportionalDockSplitter' to type 'Dock.Model.Core.IDock'.' (ContentPresenter #8199431)
[Binding]An error occurred binding '(unknown)' to 'IsEmpty' at 'IsEmpty': 'Unable to cast object of type 'Dock.Model.Mvvm.Controls.ProportionalDockSplitter' to type 'Dock.Model.Core.IDock'.' (ContentPresenter #8199431)
[Binding]An error occurred binding 'Proportion' to 'Proportion' at 'Proportion': 'Could not find a matching property accessor for 'Proportion' on 'Dock.Model.Mvvm.Controls.ProportionalDockSplitter'.' (ContentPresenter #10306821)
[Binding]An error occurred binding '(unknown)' to 'IsCollapsable' at 'IsCollapsable': 'Unable to cast object of type 'Dock.Model.Mvvm.Controls.ProportionalDockSplitter' to type 'Dock.Model.Core.IDock'.' (ContentPresenter #10306821)
[Binding]An error occurred binding '(unknown)' to 'IsEmpty' at 'IsEmpty': 'Unable to cast object of type 'Dock.Model.Mvvm.Controls.ProportionalDockSplitter' to type 'Dock.Model.Core.IDock'.' (ContentPresenter #10306821)
[Binding]An error occurred binding 'IsMaximized' to '$parent[HostWindow].WindowState' at '$parent[HostWindow]': 'Ancestor not found.' (ToolChromeControl #46545466)
[Binding]An error occurred binding 'IsMaximized' to '$parent[HostWindow].WindowState' at '$parent[HostWindow]': 'Ancestor not found.' (ToolChromeControl #46545466)
[Binding]An error occurred binding 'IsMaximized' to '$parent[HostWindow].WindowState' at '$parent[HostWindow]': 'Ancestor not found.' (ToolChromeControl #39850440)
[Binding]An error occurred binding 'IsMaximized' to '$parent[HostWindow].WindowState' at '$parent[HostWindow]': 'Ancestor not found.' (ToolChromeControl #39850440)
[Binding]An error occurred binding 'IsMaximized' to '$parent[HostWindow].WindowState' at '$parent[HostWindow]': 'Ancestor not found.' (ToolChromeControl #41778354)
[Binding]An error occurred binding 'IsMaximized' to '$parent[HostWindow].WindowState' at '$parent[HostWindow]': 'Ancestor not found.' (ToolChromeControl #41778354)
[Binding]An error occurred binding 'IsVisible' to '!PinnedDock.IsEmpty' at 'PinnedDock': 'Value is null.' (Grid #PART_PinnedDockGrid)
[2026-09-15 11:32:20] [GL] 上下文: OpenGLES 3.0
[2026-09-15 11:32:20] [GL] 渲染器就绪, 着色器方言=GLES 300, 扩展 VAO=有 glPolygonOffset=有 glUniform1f=有 glDepthFunc=有 纹理=有 混合=有, 材质通道=可用
[2026-09-15 11:32:20] [GL] GL_VERSION=OpenGL ES 3.0.0 (ANGLE 2.1.22045 git hash: 4a177dd16290) · GL_RENDERER=ANGLE (NVIDIA, NVIDIA GeForce RTX 4070 (0x00002786) Direct3D11 vs_5_0 ps_5_0, D3D11-32.0.15.9186) · GL_VENDOR=Google Inc. (NVIDIA)
[2026-09-15 11:32:20] [GL] GLSL=OpenGL ES GLSL ES 3.00 (ANGLE 2.1.22045 git hash: 4a177dd16290)
[2026-09-15 11:32:20] [UI] 功能区缩放 0.77（需 2491px，目标 1920px）
[2026-09-15 11:32:20] [GL] 帧缓冲深度 16 位 → 已换成 24 位(2675×1525)
[2026-09-15 11:32:20] [GL] 首帧完成 2675x1525
[2026-09-15 11:32:20] [自检] @标注示例 对齐  →  状态栏「自检标注：对齐标注 测量值 100 · 已入场景并选中」 命令框「」 焦点=无 光标=CrosshairWithBox
[2026-09-15 11:32:20] [自检] @等待 250  →  状态栏「自检标注：对齐标注 测量值 100 · 已入场景并选中」 命令框「」 焦点=无 光标=CrosshairWithBox
[2026-09-15 11:32:20] [自检] 连续标注  →  状态栏「连续标注：点击第一个可拾取的直线或边（Esc 结束）」 命令框「」 焦点=无 光标=PickBox
[2026-09-15 11:32:20] [自检] @鼠标 双击 60 35  →  状态栏「标注编辑：已进入编辑模式，可拖动蓝色节点调整高度，或在右侧特性面板修改  [自检鼠标 双击 (60,35) 屏幕(881,508) 拖拽=False 框选=False 编辑框=无 选集: 对齐标注]」 命令框「」 焦点=无 光标=CrosshairWithBox
[2026-09-15 11:32:21] [自检] @等待 150  →  状态栏「标注编辑：已进入编辑模式，可拖动蓝色节点调整高度，或在右侧特性面板修改  [自检鼠标 双击 (60,35) 屏幕(881,508) 拖拽=False 框选=False 编辑框=无 选集: 对齐标注]」 命令框「」 焦点=TextBox 光标=CrosshairWithBox
[2026-09-15 11:32:25] [自检] +4s  状态栏「标注编辑：已进入编辑模式，可拖动蓝色节点调整高度，或在右侧特性面板修改  [自检鼠标 双击 (60,35) 屏幕(881,508) 拖拽=False 框选=False 编辑框=无 选集: 对齐标注]」
[2026-09-15 11:32:33] [自检] +12s  状态栏「标注编辑：已进入编辑模式，可拖动蓝色节点调整高度，或在右侧特性面板修改  [自检鼠标 双击 (60,35) 屏幕(881,508) 拖拽=False 框选=False 编辑框=无 选集: 对齐标注]」
