[2026-09-15 10:47:02] [START] ──────── PitMine3D 麒麟版启动 ────────
  程序版本: 1.0.0.0   构建时间: 2026-09-15 10:43
  版本目录: C:\Users\cFore\coder\DayOps_Kylin\.artifacts\full-verify\bin\Debug\net8.0\
  OS      : Microsoft Windows 10.0.26200 / X64
  运行时  : .NET 8.0.2 (X64)
  区域    : Invariant=False
  DISPLAY                               = (未设)
  WAYLAND_DISPLAY                       = (未设)
  XDG_SESSION_TYPE                      = (未设)
  LD_LIBRARY_PATH                       = (未设)
  DOTNET_SYSTEM_GLOBALIZATION_INVARIANT = (未设)
  LIBGL_ALWAYS_SOFTWARE                 = (未设)
[2026-09-15 10:47:04] [GL] 上下文: OpenGLES 3.0
[2026-09-15 10:47:04] [GL] 渲染器就绪, 着色器方言=GLES 300, 扩展 VAO=有 glPolygonOffset=有 glUniform1f=有 glDepthFunc=有 纹理=有 混合=有, 材质通道=可用
[2026-09-15 10:47:04] [GL] GL_VERSION=OpenGL ES 3.0.0 (ANGLE 2.1.22045 git hash: 4a177dd16290) · GL_RENDERER=ANGLE (NVIDIA, NVIDIA GeForce RTX 4070 (0x00002786) Direct3D11 vs_5_0 ps_5_0, D3D11-32.0.15.9186) · GL_VENDOR=Google Inc. (NVIDIA)
[2026-09-15 10:47:04] [GL] GLSL=OpenGL ES GLSL ES 3.00 (ANGLE 2.1.22045 git hash: 4a177dd16290)
[2026-09-15 10:47:04] [UI] 功能区缩放 0.77（需 2491px，目标 1920px）
[2026-09-15 10:47:04] [GL] 帧缓冲深度 16 位 → 已换成 24 位(2675×1525)
[2026-09-15 10:47:04] [GL] 首帧完成 2675x1525
[2026-09-15 10:47:04] [导入] 开始 修-中煤平朔集团有限公司东露天矿2026年6月采剥工程计划平面图(6.16）.dwg（8 MB）
[2026-09-15 10:47:04] [自检] @导入 C:\Users\cFore\Desktop\2026年6月测试文件\平朔数据\修-中煤平朔集团有限公司东露天矿2026年6月采剥工程计划平面图(6.16）.dwg  →  状态栏「正在读取 修-中煤平朔集团有限公司东露天矿2026年6月采剥工程计划平面图(6.16）.dwg…」 命令框「」 焦点=无 光标=CrosshairWithBox
[2026-09-15 10:47:05] [导入缓存] 已写 853fa82ada708231.pmc（12 MB, 27060 图元）
[2026-09-15 10:47:05] [导入] [1043ms] 解析完成(后台线程) success=True 实体=27060 图层=4
[2026-09-15 10:47:05] [导入] [0ms] 入场景 27060 实体
[2026-09-15 10:47:06] [导入] [260ms] 细分+上屏完成
[2026-09-15 10:47:06] [导入] [273ms] 面板刷新完成
[2026-09-15 10:47:06] [导入] [1342ms] 全部完成
[2026-09-15 10:47:06] [自检] @等  →  状态栏「已导入 修-中煤平朔集团有限公司东露天矿2026年6月采剥工程计划平面图(6.16）.dwg · 27060 可编辑实体 · 4 图层（可选中/编辑/删除）」 命令框「」 焦点=无 光标=CrosshairWithBox
[2026-09-15 10:47:06] [指针诊断] 光标(0,0)→世界(604426.614,4392512.287)→屏(-0,0) Δ=(-+0,+0)px | 上帧渲染=2675x1525 宽高比 渲染=1.7541 反投影=1.7541 一致=True | 宿主=1783.3x1016.7 视口=1783.3x1016.7@(0,0) 缩放=1.5 绘图区光标=隐形/透明位图 视口原点=(623997.156,4381355.25,True) 全局原点=(623997.156,4381355.25) 原点一致=True | yaw=0.9 pitch=0.55 dist=11157 target=(0,0,765) 2D=True origin=(623997.2,4381355.3,True) 光标尺寸=100% scene=[620012.5,4378188.5,627981.8,4384521.8] faces=[625807.1,4380527.8,626066.9,4380702.6] cloud=null last=[620012.5,4378188.5,627981.8,4384522] zc=765 bounds=1783x1017 | (446,254)→世界(614211.885,4386933.768)→屏(445.8,254.2) Δ=(-+0,+0)px | (892,508)→世界(623997.156,4381355.25)→屏(891.7,508.3) Δ=(+0,+0)px | (1427,712)→世界(635739.482,4376892.435)→屏(1426.7,711.7) Δ=(+0,-+0)px
[2026-09-15 10:47:06] [自检] @指针诊断  →  状态栏「光标(0,0)→世界(604426.614,4392512.287)→屏(-0,0) Δ=(-+0,+0)px | 上帧渲染=2675x1525 宽高比 渲染=1.7541 反投影=1.7541 一致=True | 宿主=1783.3x1016.7 视口=1783.3x1016.7@(0,0) 缩放=1.5 绘图区光标=隐形/透明位图 视口原点=(623997.156,4381355.25,True) 全局原点=(623997.156,4381355.25) 原点一致=True | yaw=0.9 pitch=0.55 dist=11157 target=(0,0,765) 2D=True origin=(623997.2,4381355.3,True) 光标尺寸=100% scene=[620012.5,4378188.5,627981.8,4384521.8] faces=[625807.1,4380527.8,626066.9,4380702.6] cloud=null last=[620012.5,4378188.5,627981.8,4384522] zc=765 bounds=1783x1017 | (446,254)→世界(614211.885,4386933.768)→屏(445.8,254.2) Δ=(-+0,+0)px | (892,508)→世界(623997.156,4381355.25)→屏(891.7,508.3) Δ=(+0,+0)px | (1427,712)→世界(635739.482,4376892.435)→屏(1426.7,711.7) Δ=(+0,-+0)px」 命令框「」 焦点=无 光标=CrosshairWithBox
[2026-09-15 10:47:10] [自检] +4s  状态栏「光标(0,0)→世界(604426.614,4392512.287)→屏(-0,0) Δ=(-+0,+0)px | 上帧渲染=2675x1525 宽高比 渲染=1.7541 反投影=1.7541 一致=True | 宿主=1783.3x1016.7 视口=1783.3x1016.7@(0,0) 缩放=1.5 绘图区光标=隐形/透明位图 视口原点=(623997.156,4381355.25,True) 全局原点=(623997.156,4381355.25) 原点一致=True | yaw=0.9 pitch=0.55 dist=11157 target=(0,0,765) 2D=True origin=(623997.2,4381355.3,True) 光标尺寸=100% scene=[620012.5,4378188.5,627981.8,4384521.8] faces=[625807.1,4380527.8,626066.9,4380702.6] cloud=null last=[620012.5,4378188.5,627981.8,4384522] zc=765 bounds=1783x1017 | (446,254)→世界(614211.885,4386933.768)→屏(445.8,254.2) Δ=(-+0,+0)px | (892,508)→世界(623997.156,4381355.25)→屏(891.7,508.3) Δ=(+0,+0)px | (1427,712)→世界(635739.482,4376892.435)→屏(1426.7,711.7) Δ=(+0,-+0)px」
[2026-09-15 10:47:18] [自检] +12s  状态栏「光标(0,0)→世界(604426.614,4392512.287)→屏(-0,0) Δ=(-+0,+0)px | 上帧渲染=2675x1525 宽高比 渲染=1.7541 反投影=1.7541 一致=True | 宿主=1783.3x1016.7 视口=1783.3x1016.7@(0,0) 缩放=1.5 绘图区光标=隐形/透明位图 视口原点=(623997.156,4381355.25,True) 全局原点=(623997.156,4381355.25) 原点一致=True | yaw=0.9 pitch=0.55 dist=11157 target=(0,0,765) 2D=True origin=(623997.2,4381355.3,True) 光标尺寸=100% scene=[620012.5,4378188.5,627981.8,4384521.8] faces=[625807.1,4380527.8,626066.9,4380702.6] cloud=null last=[620012.5,4378188.5,627981.8,4384522] zc=765 bounds=1783x1017 | (446,254)→世界(614211.885,4386933.768)→屏(445.8,254.2) Δ=(-+0,+0)px | (892,508)→世界(623997.156,4381355.25)→屏(891.7,508.3) Δ=(+0,+0)px | (1427,712)→世界(635739.482,4376892.435)→屏(1426.7,711.7) Δ=(+0,-+0)px」
