[2026-09-15 10:48:26] [START] ──────── PitMine3D 麒麟版启动 ────────
  程序版本: 1.0.0.0   构建时间: 2026-09-15 10:43
  版本目录: C:\Users\cFore\coder\DayOps_Kylin\.artifacts\full-verify\bin\Debug\net8.0\
  OS      : Microsoft Windows 10.0.26200 / X64
  运行时  : .NET 8.0.2 (X64)
  区域    : Invariant=False
  DISPLAY                               = (未设)
  WAYLAND_DISPLAY                       = (未设)
  XDG_SESSION_TYPE                      = (未设)
  LD_LIBRARY_PATH                       = (未设)
  DOTNET_SYSTEM_GLOBALIZATION_INVARIANT = (未设)
  LIBGL_ALWAYS_SOFTWARE                 = (未设)
[2026-09-15 10:48:28] [GL] 上下文: OpenGLES 3.0
[2026-09-15 10:48:28] [GL] 渲染器就绪, 着色器方言=GLES 300, 扩展 VAO=有 glPolygonOffset=有 glUniform1f=有 glDepthFunc=有 纹理=有 混合=有, 材质通道=可用
[2026-09-15 10:48:28] [GL] GL_VERSION=OpenGL ES 3.0.0 (ANGLE 2.1.22045 git hash: 4a177dd16290) · GL_RENDERER=ANGLE (NVIDIA, NVIDIA GeForce RTX 4070 (0x00002786) Direct3D11 vs_5_0 ps_5_0, D3D11-32.0.15.9186) · GL_VENDOR=Google Inc. (NVIDIA)
[2026-09-15 10:48:28] [GL] GLSL=OpenGL ES GLSL ES 3.00 (ANGLE 2.1.22045 git hash: 4a177dd16290)
[2026-09-15 10:48:28] [UI] 功能区缩放 0.77（需 2491px，目标 1920px）
[2026-09-15 10:48:28] [GL] 帧缓冲深度 16 位 → 已换成 24 位(2675×1525)
[2026-09-15 10:48:28] [GL] 首帧完成 2675x1525
[2026-09-15 10:48:28] [导入] 开始 修-中煤平朔集团有限公司东露天矿2026年6月采剥工程计划平面图(6.16）.dwg（8 MB）
[2026-09-15 10:48:28] [自检] @导入 C:\Users\cFore\Desktop\2026年6月测试文件\平朔数据\修-中煤平朔集团有限公司东露天矿2026年6月采剥工程计划平面图(6.16）.dwg  →  状态栏「正在读取 修-中煤平朔集团有限公司东露天矿2026年6月采剥工程计划平面图(6.16）.dwg…」 命令框「」 焦点=无 光标=CrosshairWithBox
[2026-09-15 10:48:29] [导入缓存] 已写 853fa82ada708231.pmc（12 MB, 27060 图元）
[2026-09-15 10:48:29] [导入] [947ms] 解析完成(后台线程) success=True 实体=27060 图层=4
[2026-09-15 10:48:29] [导入] [0ms] 入场景 27060 实体
[2026-09-15 10:48:30] [导入] [216ms] 细分+上屏完成
[2026-09-15 10:48:30] [导入] [229ms] 面板刷新完成
[2026-09-15 10:48:30] [导入] [1197ms] 全部完成
[2026-09-15 10:48:30] [自检] @等  →  状态栏「已导入 修-中煤平朔集团有限公司东露天矿2026年6月采剥工程计划平面图(6.16）.dwg · 27060 可编辑实体 · 4 图层（可选中/编辑/删除）」 命令框「」 焦点=无 光标=CrosshairWithBox
[2026-09-15 10:48:30] [自检] 连续标注  →  状态栏「连续标注：点击第一个可拾取的直线或边（Esc 结束）」 命令框「」 焦点=无 光标=PickBox
[2026-09-15 10:48:30] [自检] @鼠标 按下 623997.156 4381355.25  →  状态栏「连续标注：移动鼠标预览并调整高度，单击落位  [自检鼠标 按下 (623997.2,4381355.3) 屏幕(892,508) 拖拽=False 框选=False 编辑框=无 选集: ]」 命令框「」 焦点=无 光标=CrosshairOnly
[2026-09-15 10:48:30] [自检] @鼠标 松开 623997.156 4381355.25  →  状态栏「连续标注：移动鼠标预览并调整高度，单击落位  [自检鼠标 按下 (623997.2,4381355.3) 屏幕(892,508) 拖拽=False 框选=False 编辑框=无 选集: ]  [自检鼠标 松开 (623997.2,4381355.3) 屏幕(892,508) 拖拽=False 框选=False 编辑框=无 选集: ]」 命令框「」 焦点=无 光标=CrosshairOnly
[2026-09-15 10:48:30] [自检] @鼠标 移动 623997.156 4382355.25  →  状态栏「连续标注：移动鼠标预览并调整高度，单击落位  [自检鼠标 按下 (623997.2,4381355.3) 屏幕(892,508) 拖拽=False 框选=False 编辑框=无 选集: ]  [自检鼠标 松开 (623997.2,4381355.3) 屏幕(892,508) 拖拽=False 框选=False 编辑框=无 选集: ]  [自检鼠标 移动 (623997.2,4382355.3) 屏幕(892,463) 拖拽=False 框选=False 编辑框=无 选集: ]」 命令框「」 焦点=无 光标=CrosshairOnly
[2026-09-15 10:48:30] [自检] @光标 623997.156 4382355.25  →  状态栏「自检光标：(623997.16, 4382355.25)  预览 728 段 · 未备料  无提示」 命令框「」 焦点=无 光标=CrosshairOnly
[2026-09-15 10:48:30] [自检] @鼠标 按下 623997.156 4382355.25  →  状态栏「已标注：54.03 · 继续选择下一个可标注对象（Esc 结束）  [自检鼠标 按下 (623997.2,4382355.3) 屏幕(892,463) 拖拽=False 框选=False 编辑框=无 选集: ]」 命令框「」 焦点=无 光标=PickBox
[2026-09-15 10:48:30] [自检] @鼠标 松开 623997.156 4382355.25  →  状态栏「已标注：54.03 · 继续选择下一个可标注对象（Esc 结束）  [自检鼠标 按下 (623997.2,4382355.3) 屏幕(892,463) 拖拽=False 框选=False 编辑框=无 选集: ]  [自检鼠标 松开 (623997.2,4382355.3) 屏幕(892,463) 拖拽=False 框选=False 编辑框=无 选集: ]」 命令框「」 焦点=无 光标=PickBox
[2026-09-15 10:48:34] [自检] +4s  状态栏「已标注：54.03 · 继续选择下一个可标注对象（Esc 结束）  [自检鼠标 按下 (623997.2,4382355.3) 屏幕(892,463) 拖拽=False 框选=False 编辑框=无 选集: ]  [自检鼠标 松开 (623997.2,4382355.3) 屏幕(892,463) 拖拽=False 框选=False 编辑框=无 选集: ]」
[2026-09-15 10:48:42] [自检] +12s  状态栏「已标注：54.03 · 继续选择下一个可标注对象（Esc 结束）  [自检鼠标 按下 (623997.2,4382355.3) 屏幕(892,463) 拖拽=False 框选=False 编辑框=无 选集: ]  [自检鼠标 松开 (623997.2,4382355.3) 屏幕(892,463) 拖拽=False 框选=False 编辑框=无 选集: ]」
